Non-Farm Payrolls (US) at 2024-07-05T08:30:00Z - Impact: high
  Actual: 200.0 K
  Estimate: 180.0 K
  Previous: 150.0 K
GDP Growth Rate (US) at 2024-07-10T08:30:00Z - Impact: medium
  Actual: 3.5 %
  Estimate: 3.0 %
  Previous: 2.8 %
GDP Growth Rate (US) at 2030-07-10T08:30:00Z - Impact: low
  Actual: N/A %
  Estimate: N/A %
  Previous: N/A %
